
> Task :dependencyInsight
com.google.code.gson:gson:2.8.5 FAILED
   Failures:
      - Could not resolve com.google.code.gson:gson:2.8.5.
        Review the variant matching algorithm at https://docs.gradle.org/0.0.0/userguide/variant_attributes.html#sec:abm_algorithm.

com.google.code.gson:gson:2.8.5 FAILED
\--- functionalTestClasspath

A web-based, searchable dependency report is available by adding the --scan option.

BUILD SUCCESSFUL in 0s
1 actionable task: 1 executed
